  Determining projects to restore...
  All projects are up-to-date for restore.
C:\Program Files\dotnet\sdk\8.0.418\Sdks\Microsoft.NET.Sdk\targets\Microsoft.NET.TargetFrameworkInference.targets(166,5): error NETSDK1045: The current .NET SDK does not support targeting .NET 9.0.  Either target .NET 8.0 or lower, or use a version of the .NET SDK that supports .NET 9.0. Download the .NET SDK from https://aka.ms/dotnet/download [D:\SmartTour\SmartTour.Mobile\SmartTour.Mobile.csproj::TargetFramework=net9.0]

Build FAILED.

C:\Program Files\dotnet\sdk\8.0.418\Sdks\Microsoft.NET.Sdk\targets\Microsoft.NET.TargetFrameworkInference.targets(166,5): error NETSDK1045: The current .NET SDK does not support targeting .NET 9.0.  Either target .NET 8.0 or lower, or use a version of the .NET SDK that supports .NET 9.0. Download the .NET SDK from https://aka.ms/dotnet/download [D:\SmartTour\SmartTour.Mobile\SmartTour.Mobile.csproj::TargetFramework=net9.0]
    0 Warning(s)
    1 Error(s)

Time Elapsed 00:00:00.21

Workload updates are available. Run `dotnet workload list` for more information.
